Microchip MPLAB XC8 Compiler V2.35

Linker command line:

-W-3 --edf=C:\Program Files\Microchip\xc8\v2.35\pic\dat\en_msgs.txt -cn \
  -h+dist/default/production\LAB2_Digital2.X.production.sym \
  --cmf=dist/default/production\LAB2_Digital2.X.production.cmf -z -Q16F887 \
  -oC:\Users\AIDATO~1\AppData\Local\Temp\xcAs5ic.4 --defsym=__MPLAB_BUILD=1 \
  -Mdist/default/production/LAB2_Digital2.X.production.map \
  --md=C:\Users\AIDATO~1\AppData\Local\Temp\xcAs5ic.dat -E1 \
  -ver=XC8 Compiler --acfsm=1493 -ACODE=00h-07FFhx4 -ASTRCODE=00h-01FFFh \
  -ASTRING=00h-0FFhx32 -ACONST=00h-0FFhx32 -AENTRY=00h-0FFhx32 \
  -ACOMMON=070h-07Fh -ABANK0=020h-06Fh -ABANK1=0A0h-0EFh \
  -ABANK2=0110h-016Fh -ABANK3=0190h-01EFh \
  -ARAM=020h-06Fh,0A0h-0EFh,0110h-016Fh,0190h-01EFh \
  -AABS1=020h-07Fh,0A0h-0EFh,0110h-016Fh,0190h-01EFh -ASFR0=00h-01Fh \
  -ASFR1=080h-09Fh -ASFR2=0100h-010Fh -ASFR3=0180h-018Fh \
  -ACONFIG=02007h-02008h -DCONFIG=2 -AIDLOC=02000h-02003h -DIDLOC=2 \
  -AEEDATA=00h-0FFh/02100h -peeprom_data=EEDATA -DEEDATA=2 -DCODE=2 \
  -DSTRCODE=2 -DSTRING=2 -DCONST=2 -DENTRY=2 \
  -preset_vec=00h,intentry=04h,init,end_init -ppowerup=CODE -pcinit=CODE \
  -pfunctab=ENTRY -k C:\Users\AIDATO~1\AppData\Local\Temp\xcAs5ic.o \
  dist/default/production\LAB2_Digital2.X.production.o 

Object code version is 3.11

Machine type is 16F887



                Name                               Link     Load   Length Selector   Space Scale
C:\Users\AIDATO~1\AppData\Local\Temp\xcAs5ic.o
                end_init                              C        C        3        8       0
                reset_vec                             0        0        3        0       0
                config                             2007     2007        2        0       4
                idloc                              2000     2000        4        0       5
dist/default/production\LAB2_Digital2.X.production.o
                cinit                                 F        F       15        8       0
                intentry                              4        4        8        8       0
                config                             2007     2007        2        0       4
                idloc                              2000     2000        4        0       5
                text27                             16EC     16EC        B     2DD8       0
                text26                             16D3     16D3        6     2DA6       0
                text25                              9D3      9D3       51     13A6       0
                text24                             16D9     16D9        6     2DB2       0
                text23                             1726     1726       1C     2E4C       0
                text22                             16E5     16E5        7     2DCA       0
                text21                              93B      93B       4C     1276       0
                text20                             1766     1766       26     2ECC       0
                text19                             170E     170E       18     2E1C       0
                text18                              864      864       46     10C8       0
                text17                             16F7     16F7       17     2DEE       0
                text16                             1742     1742       24     2E84       0
                text15                               24       24      366        8       0
                text14                              E23      E23      1DD     1C46       0
                text13                              7D5      7D5       29        8       0
                text12                              38A      38A      361        8       0
                text11                              A88      A88       92     1510       0
                text10                              B1A      B1A       BC     1634       0
                text9                               BD6      BD6       C6     17AC       0
                text8                               987      987       4C     130E       0
                text7                               8F0      8F0       4B     11E0       0
                text6                               A24      A24       64     1448       0
                text5                              16DF     16DF        6     2DBE       0
                text4                              178C     178C       38     2F18       0
                text3                               8AA      8AA       46     1154       0
                text2                              17C4     17C4       3C     2F88       0
                text1                               6EB      6EB       EA        8       0
                maintext                            C9C      C9C      187     1938       0
                cstackBANK0                          20       20       50       20       1
                cstackCOMMON                         70       70        7       70       1
                cstackBANK1                          A0       A0       1D       A0       1
                bssBANK1                             BD       BD        B       A0       1
                bssCOMMON                            77       77        4       70       1
                strings                             800      800       63     1000       0

TOTAL           Name                               Link     Load   Length     Space
        CLASS   CODE           
                end_init                              C        C        3         0
                cinit                                 F        F       15         0
                intentry                              4        4        8         0
                reset_vec                             0        0        3         0
                text27                             16EC     16EC        B         0
                text26                             16D3     16D3        6         0
                text25                              9D3      9D3       51         0
                text24                             16D9     16D9        6         0
                text23                             1726     1726       1C         0
                text22                             16E5     16E5        7         0
                text21                              93B      93B       4C         0
                text20                             1766     1766       26         0
                text19                             170E     170E       18         0
                text18                              864      864       46         0
                text17                             16F7     16F7       17         0
                text16                             1742     1742       24         0
                text15                               24       24      366         0
                text14                              E23      E23      1DD         0
                text13                              7D5      7D5       29         0
                text12                              38A      38A      361         0
                text11                              A88      A88       92         0
                text10                              B1A      B1A       BC         0
                text9                               BD6      BD6       C6         0
                text8                               987      987       4C         0
                text7                               8F0      8F0       4B         0
                text6                               A24      A24       64         0
                text5                              16DF     16DF        6         0
                text4                              178C     178C       38         0
                text3                               8AA      8AA       46         0
                text2                              17C4     17C4       3C         0
                text1                               6EB      6EB       EA         0
                maintext                            C9C      C9C      187         0

        CLASS   STRCODE        

        CLASS   STRING         
                strings                             800      800       63         0

        CLASS   CONST          

        CLASS   ENTRY          

        CLASS   COMMON         
                cstackCOMMON                         70       70        7         1
                bssCOMMON                            77       77        4         1

        CLASS   BANK0          
                cstackBANK0                          20       20       50         1

        CLASS   BANK1          
                cstackBANK1                          A0       A0       1D         1
                bssBANK1                             BD       BD        B         1

        CLASS   BANK2          

        CLASS   BANK3          

        CLASS   RAM            

        CLASS   ABS1           
                abs_s1                               7E       7E        2         1

        CLASS   SFR0           

        CLASS   SFR1           

        CLASS   SFR2           

        CLASS   SFR3           

        CLASS   CONFIG         
                config                             2007     2007        2         4

        CLASS   IDLOC          
                idloc                              2000     2000        4         5

        CLASS   EEDATA         

        CLASS   STACK          



SEGMENTS        Name                           Load    Length   Top    Selector   Space  Class     Delta

                reset_vec                      000000  000003  000003         0       0  CODE        2
                intentry                       000004  0007FA  0007FE         8       0  CODE        2
                cstackBANK0                    000020  000050  000070        20       1  BANK0       1
                cstackCOMMON                   000070  00000B  00007B        70       1  COMMON      1
                cstackBANK1                    0000A0  000028  0000C8        A0       1  BANK1       1
                strings                        000800  000063  000863      1000       0  STRING      2
                text18                         000864  000046  0008AA      10C8       0  CODE        2
                text3                          0008AA  000046  0008F0      1154       0  CODE        2
                text7                          0008F0  00004B  00093B      11E0       0  CODE        2
                text21                         00093B  00004C  000987      1276       0  CODE        2
                text8                          000987  00004C  0009D3      130E       0  CODE        2
                text25                         0009D3  000051  000A24      13A6       0  CODE        2
                text6                          000A24  000064  000A88      1448       0  CODE        2
                text11                         000A88  000092  000B1A      1510       0  CODE        2
                text10                         000B1A  0000BC  000BD6      1634       0  CODE        2
                text9                          000BD6  0000C6  000C9C      17AC       0  CODE        2
                maintext                       000C9C  000187  000E23      1938       0  CODE        2
                text14                         000E23  0001DD  001000      1C46       0  CODE        2
                text26                         0016D3  000006  0016D9      2DA6       0  CODE        2
                text24                         0016D9  000006  0016DF      2DB2       0  CODE        2
                text5                          0016DF  000006  0016E5      2DBE       0  CODE        2
                text22                         0016E5  000007  0016EC      2DCA       0  CODE        2
                text27                         0016EC  00000B  0016F7      2DD8       0  CODE        2
                text17                         0016F7  000017  00170E      2DEE       0  CODE        2
                text19                         00170E  000018  001726      2E1C       0  CODE        2
                text23                         001726  00001C  001742      2E4C       0  CODE        2
                text16                         001742  000024  001766      2E84       0  CODE        2
                text20                         001766  000026  00178C      2ECC       0  CODE        2
                text4                          00178C  000038  0017C4      2F18       0  CODE        2
                text2                          0017C4  00003C  001800      2F88       0  CODE        2


UNUSED ADDRESS RANGES

        Name                Unused          Largest block    Delta
        BANK1            00C8-00EF             28           1
        BANK2            0110-016F             60           1
        BANK3            0190-01EF             60           1
        CODE             0003-0003              1           2
                         07FE-07FF              2
                         0863-0863              1
                         1000-16D2            6D3
                         1800-1FFF            800
        COMMON           007B-007D              3           1
        CONST            0003-0003              1           2
                         07FE-07FF              2
                         0863-0863              1
                         1000-16D2            100
                         1800-1FFF            100
        EEDATA           2100-21FF            100           2
        ENTRY            0003-0003              1           2
                         07FE-07FF              2
                         0863-0863              1
                         1000-16D2            100
                         1800-1FFF            100
        RAM              00C8-00EF             28           1
                         0110-016F             60
                         0190-01EF             60
        SFR0             0000-001F             20           1
        SFR1             0080-009F             20           1
        SFR2             0100-010F             10           1
        SFR3             0180-018F             10           1
        STRCODE          0003-0003              1           2
                         07FE-07FF              2
                         0863-0863              1
                         1000-16D2            6D3
                         1800-1FFF            800
        STRING           0003-0003              1           2
                         07FE-07FF              2
                         0863-0863              1
                         1000-16D2            100
                         1800-1FFF            100

                                  Symbol Table

?__Umul8_16               cstackBANK0  0020
?___fladd                 cstackBANK0  0062
?___fldiv                 cstackBANK0  002E
?___flmul                 cstackBANK0  0048
?___fltol                 cstackBANK1  00A8
?___lwdiv                 cstackBANK0  0020
?___lwmod                 cstackBANK0  0028
?___xxtofl                cstackBANK0  0020
?_adc_read                cstackCOMMON 0070
?_map                     cstackBANK1  00B1
?_sprintf                 cstackBANK0  002E
Lcd_Cmd@a                 cstackBANK0  0023
Lcd_Port@a                cstackBANK0  0020
Lcd_Set_Cursor@a          cstackBANK0  0026
Lcd_Set_Cursor@b          cstackBANK0  0024
Lcd_Set_Cursor@temp       cstackBANK0  0027
Lcd_Write_Char@a          cstackBANK0  0022
Lcd_Write_String@a        cstackBANK0  0023
Lcd_Write_String@i        cstackBANK0  0028
_ADCON0bits               (abs)        001F
_ADCON1bits               (abs)        009F
_ADRESH                   (abs)        001E
_ANSELH                   (abs)        0189
_INTCONbits               (abs)        000B
_Lcd_Clear                text22       16E5
_Lcd_Cmd                  text23       1726
_Lcd_Init                 text21       093B
_Lcd_Port                 text24       16D9
_Lcd_Set_Cursor           text20       1766
_Lcd_Write_Char           text19       170E
_Lcd_Write_String         text18       0864
_OPTION_REGbits           (abs)        0081
_OSCCONbits               (abs)        008F
_PIE1bits                 (abs)        008C
_PIR1bits                 (abs)        000C
_PORTB                    (abs)        0006
_PORTCbits                (abs)        0007
_PORTD                    (abs)        0008
_RC7                      (abs)        003F
_TMR0                     (abs)        0001
_TRISB                    (abs)        0086
_TRISC                    (abs)        0087
_TRISD                    (abs)        0088
_VAL_POT_0                bssBANK1     00C6
_VAL_POT_1                bssBANK1     00C5
_VOLTAJE_0                bssBANK1     00BF
_VOLTAJE_1                bssBANK1     00BD
__Habs1                   abs1         0000
__Hbank0                  bank0        0000
__Hbank1                  bank1        0000
__Hbank2                  bank2        0000
__Hbank3                  bank3        0000
__HbssBANK1               bssBANK1     0000
__HbssCOMMON              bssCOMMON    0000
__Hcinit                  cinit        0024
__Hclrtext                clrtext      0000
__Hcode                   code         0000
__Hcommon                 common       0000
__Hconfig                 config       2009
__HcstackBANK0            cstackBANK0  0000
__HcstackBANK1            cstackBANK1  0000
__HcstackCOMMON           cstackCOMMON 0000
__Heeprom_data            eeprom_data  0000
__Hend_init               end_init     000F
__Hfunctab                functab      0000
__Hidloc                  idloc        2004
__Hinit                   init         000C
__Hintentry               intentry     000C
__Hmaintext               maintext     0000
__Hpowerup                powerup      0000
__Hram                    ram          0000
__Hreset_vec              reset_vec    0003
__Hsfr0                   sfr0         0000
__Hsfr1                   sfr1         0000
__Hsfr2                   sfr2         0000
__Hsfr3                   sfr3         0000
__Hspace_0                (abs)        1800
__Hspace_1                (abs)        00C8
__Hspace_2                (abs)        0000
__Hspace_3                (abs)        0000
__Hspace_4                (abs)        4010
__Hstack                  stack        0000
__Hstrings                strings      0000
__Htext                   text         0000
__Labs1                   abs1         0000
__Lbank0                  bank0        0000
__Lbank1                  bank1        0000
__Lbank2                  bank2        0000
__Lbank3                  bank3        0000
__LbssBANK1               bssBANK1     0000
__LbssCOMMON              bssCOMMON    0000
__Lcinit                  cinit        000F
__Lclrtext                clrtext      0000
__Lcode                   code         0000
__Lcommon                 common       0000
__Lconfig                 config       0000
__LcstackBANK0            cstackBANK0  0000
__LcstackBANK1            cstackBANK1  0000
__LcstackCOMMON           cstackCOMMON 0000
__Leeprom_data            eeprom_data  0000
__Lend_init               end_init     000C
__Lfunctab                functab      0000
__Lidloc                  idloc        0000
__Linit                   init         000C
__Lintentry               intentry     0004
__Lmaintext               maintext     0000
__Lpowerup                powerup      0000
__Lram                    ram          0000
__Lreset_vec              reset_vec    0000
__Lsfr0                   sfr0         0000
__Lsfr1                   sfr1         0000
__Lsfr2                   sfr2         0000
__Lsfr3                   sfr3         0000
__Lspace_0                (abs)        0000
__Lspace_1                (abs)        0000
__Lspace_2                (abs)        0000
__Lspace_3                (abs)        0000
__Lspace_4                (abs)        0000
__Lstack                  stack        0000
__Lstrings                strings      0000
__Ltext                   text         0000
__S0                      (abs)        1800
__S1                      (abs)        00C8
__S3                      (abs)        0000
__Umul8_16                text13       07D5
__Umul8_16@multiplicand   cstackBANK0  0020
__Umul8_16@multiplier     cstackBANK0  0028
__Umul8_16@product        cstackBANK0  0024
__Umul8_16@word_mpld      cstackBANK0  0026
___bmul                   text17       16F7
___bmul@multiplicand      cstackBANK0  0020
___bmul@multiplier        cstackBANK0  0023
___bmul@product           cstackBANK0  0022
___fladd                  text15       0024
___fladd@a                cstackBANK0  0066
___fladd@aexp             cstackBANK0  006B
___fladd@b                cstackBANK0  0062
___fladd@bexp             cstackBANK0  006C
___fladd@grs              cstackBANK0  006D
___fladd@signs            cstackBANK0  006A
___fldiv                  text14       0E23
___fldiv@a                cstackBANK0  002E
___fldiv@aexp             cstackBANK0  0047
___fldiv@b                cstackBANK0  0032
___fldiv@bexp             cstackBANK0  0046
___fldiv@grs              cstackBANK0  0042
___fldiv@new_exp          cstackBANK0  0040
___fldiv@rem              cstackBANK0  003B
___fldiv@sign             cstackBANK0  003F
___flmul                  text12       038A
___flmul@a                cstackBANK0  004C
___flmul@aexp             cstackBANK0  005A
___flmul@b                cstackBANK0  0048
___flmul@bexp             cstackBANK0  005B
___flmul@grs              cstackBANK0  0056
___flmul@prod             cstackBANK0  005C
___flmul@sign             cstackBANK0  0055
___flmul@temp             cstackBANK0  0060
___fltol                  text11       0A88
___fltol@exp1             cstackBANK0  006F
___fltol@f1               cstackBANK1  00A8
___fltol@sign1            cstackBANK0  006E
___int_sp                 stack        0000
___latbits                (abs)        0002
___lwdiv                  text3        08AA
___lwdiv@counter          cstackBANK0  0027
___lwdiv@dividend         cstackBANK0  0022
___lwdiv@divisor          cstackBANK0  0020
___lwdiv@quotient         cstackBANK0  0025
___lwmod                  text2        17C4
___lwmod@counter          cstackBANK0  002D
___lwmod@dividend         cstackBANK0  002A
___lwmod@divisor          cstackBANK0  0028
___sp                     stack        0000
___stackhi                (abs)        0000
___stacklo                (abs)        0000
___xxtofl                 text10       0B1A
___xxtofl@arg             cstackBANK0  002A
___xxtofl@exp             cstackBANK0  0029
___xxtofl@sign            cstackBANK0  0028
___xxtofl@val             cstackBANK0  0020
__end_of_Lcd_Clear        text22       16EC
__end_of_Lcd_Cmd          text23       1742
__end_of_Lcd_Init         text21       0987
__end_of_Lcd_Port         text24       16DF
__end_of_Lcd_Set_Cursor   text20       178C
__end_of_Lcd_Write_Char   text19       1726
__end_of_Lcd_Write_String text18       08AA
__end_of__Umul8_16        text13       07FE
__end_of___bmul           text17       170E
__end_of___fladd          text15       038A
__end_of___fldiv          text14       1000
__end_of___flmul          text12       06EB
__end_of___fltol          text11       0B1A
__end_of___lwdiv          text3        08F0
__end_of___lwmod          text2        1800
__end_of___xxtofl         text10       0BD6
__end_of__initialization  cinit        0020
__end_of__stringtab       strings      0810
__end_of_adc_init         text8        09D3
__end_of_adc_read         text27       16F7
__end_of_adc_start        text16       1766
__end_of_dpowers          strings      081A
__end_of_init_osc_MHz     text7        093B
__end_of_isr              text25       0A24
__end_of_main             maintext     0E23
__end_of_map              text9        0C9C
__end_of_setup            text4        17C4
__end_of_sprintf          text1        07D5
__end_of_tmr0_init        text6        0A88
__end_of_tmr0_reload      text5        16E5
__end_ofi1_tmr0_reload    text26       16D9
__initialization          cinit        000F
__pbssBANK1               bssBANK1     00BD
__pbssCOMMON              bssCOMMON    0077
__pcstackBANK0            cstackBANK0  0020
__pcstackBANK1            cstackBANK1  00A0
__pcstackCOMMON           cstackCOMMON 0070
__pintentry               intentry     0004
__pmaintext               maintext     0C9C
__pstrings                strings      0800
__ptext1                  text1        06EB
__ptext10                 text10       0B1A
__ptext11                 text11       0A88
__ptext12                 text12       038A
__ptext13                 text13       07D5
__ptext14                 text14       0E23
__ptext15                 text15       0024
__ptext16                 text16       1742
__ptext17                 text17       16F7
__ptext18                 text18       0864
__ptext19                 text19       170E
__ptext2                  text2        17C4
__ptext20                 text20       1766
__ptext21                 text21       093B
__ptext22                 text22       16E5
__ptext23                 text23       1726
__ptext24                 text24       16D9
__ptext25                 text25       09D3
__ptext26                 text26       16D3
__ptext27                 text27       16EC
__ptext3                  text3        08AA
__ptext4                  text4        178C
__ptext5                  text5        16DF
__ptext6                  text6        0A24
__ptext7                  text7        08F0
__ptext8                  text8        0987
__ptext9                  text9        0BD6
__stringbase              strings      080F
__stringtab               strings      0800
_adc_init                 text8        0987
_adc_read                 text27       16EC
_adc_start                text16       1742
_bandera                  bssCOMMON    0078
_canal_ADC                bssCOMMON    0079
_contador                 bssCOMMON    007A
_dec_POT_0                bssBANK1     00C3
_dec_POT_1                bssBANK1     00C1
_dpowers                  strings      0810
_init_POT_0               bssBANK1     00C4
_init_POT_1               bssBANK1     00C2
_init_osc_MHz             text7        08F0
_isr                      text25       09D3
_main                     maintext     0C9C
_map                      text9        0BD6
_s                        bssBANK1     00C7
_setup                    text4        178C
_sprintf                  text1        06EB
_tmr0_init                text6        0A24
_tmr0_reload              text5        16DF
adc_init@adc_cs           cstackBANK0  0024
adc_init@vref_minus       cstackBANK0  0021
adc_init@vref_plus        cstackBANK0  0020
adc_start@channel         cstackBANK0  0021
btemp                     (abs)        007E
end_of_initialization     cinit        0020
i1_tmr0_reload            text26       16D3
init_osc_MHz@freq         cstackBANK0  0022
interrupt_function        intentry     0004
intlevel0                 functab      0000
intlevel1                 functab      0000
intlevel2                 functab      0000
intlevel3                 functab      0000
intlevel4                 functab      0000
intlevel5                 functab      0000
map@x                     cstackBANK1  00B7
map@x0                    cstackBANK1  00B1
map@x1                    cstackBANK1  00B2
map@y0                    cstackBANK1  00B3
map@y1                    cstackBANK1  00B5
reset_vec                 reset_vec    0000
saved_w                   (abs)        007E
sprintf@ap                cstackBANK0  0036
sprintf@c                 cstackBANK0  003C
sprintf@f                 cstackBANK0  002E
sprintf@flag              cstackBANK0  0037
sprintf@prec              cstackBANK0  0038
sprintf@sp                cstackBANK0  003B
sprintf@val               cstackBANK0  0039
start                     init         000C
start_initialization      cinit        000F
tmr0_init@prescaler       cstackBANK0  0020
wtemp0                    (abs)        007E


MODULE INFORMATION

Module		Function		Class		Link	Load	Size
tmr0_2.c
		_tmr0_reload   		CODE           	16DF	0000	6
		_tmr0_init     		CODE           	0A24	0000	100

tmr0_2.c estimated size: 106

C:\Program Files\Microchip\xc8\v2.35\pic\sources\c90\common\xxtofl.c
		___xxtofl      		CODE           	0B1A	0000	188

C:\Program Files\Microchip\xc8\v2.35\pic\sources\c90\common\xxtofl.c estimated size: 188

C:\Program Files\Microchip\xc8\v2.35\pic\sources\c90\common\lwdiv.c
		___lwdiv       		CODE           	08AA	0000	70

C:\Program Files\Microchip\xc8\v2.35\pic\sources\c90\common\lwdiv.c estimated size: 70

C:\Program Files\Microchip\xc8\v2.35\pic\sources\c90\common\fltol.c
		___fltol       		CODE           	0A88	0000	146

C:\Program Files\Microchip\xc8\v2.35\pic\sources\c90\common\fltol.c estimated size: 146

adc2.c
		_adc_start     		CODE           	1742	0000	36
		_adc_read      		CODE           	16EC	0000	11
		_adc_init      		CODE           	0987	0000	76

adc2.c estimated size: 123

C:\Program Files\Microchip\xc8\v2.35\pic\sources\c90\common\Umul8.c
		___bmul        		CODE           	16F7	0000	23

C:\Program Files\Microchip\xc8\v2.35\pic\sources\c90\common\Umul8.c estimated size: 23

C:\Program Files\Microchip\xc8\v2.35\pic\sources\c90\common\doprnt.c
		_sprintf       		CODE           	06EB	0000	234

C:\Program Files\Microchip\xc8\v2.35\pic\sources\c90\common\doprnt.c estimated size: 234

LCD_LAB2.c
		_Lcd_Write_String		CODE           	0864	0000	70
		_Lcd_Init      		CODE           	093B	0000	76
		_Lcd_Write_Char		CODE           	170E	0000	24
		_Lcd_Cmd       		CODE           	1726	0000	28
		_Lcd_Set_Cursor		CODE           	1766	0000	38
		_Lcd_Clear     		CODE           	16E5	0000	7
		_Lcd_Port      		CODE           	16D9	0000	6

LCD_LAB2.c estimated size: 249

C:\Program Files\Microchip\xc8\v2.35\pic\sources\c90\common\sprcmul.c
		___flmul       		CODE           	038A	0000	865

C:\Program Files\Microchip\xc8\v2.35\pic\sources\c90\common\sprcmul.c estimated size: 865

Oscilador.c
		_init_osc_MHz  		CODE           	08F0	0000	75

Oscilador.c estimated size: 75

main2.c
		_map           		CODE           	0BD6	0000	198
		_main          		CODE           	0C9C	0000	391
		_isr           		CODE           	09D3	0000	81
		_setup         		CODE           	178C	0000	56

main2.c estimated size: 726

C:\Program Files\Microchip\xc8\v2.35\pic\sources\c90\common\sprcdiv.c
		___fldiv       		CODE           	0E23	0000	477

C:\Program Files\Microchip\xc8\v2.35\pic\sources\c90\common\sprcdiv.c estimated size: 477

shared
		__stringtab    		STRING         	0800	0000	16
		_dpowers       		STRING         	0810	0000	10
		__initialization		CODE           	000F	0000	17
		i1_tmr0_reload 		CODE           	16D3	0000	6

shared estimated size: 49

C:\Program Files\Microchip\xc8\v2.35\pic\sources\c90\common\Umul8_16.c
		__Umul8_16     		CODE           	07D5	0000	41

C:\Program Files\Microchip\xc8\v2.35\pic\sources\c90\common\Umul8_16.c estimated size: 41

C:\Program Files\Microchip\xc8\v2.35\pic\sources\c90\common\lwmod.c
		___lwmod       		CODE           	17C4	0000	60

C:\Program Files\Microchip\xc8\v2.35\pic\sources\c90\common\lwmod.c estimated size: 60

C:\Program Files\Microchip\xc8\v2.35\pic\sources\c90\common\sprcadd.c
		___fladd       		CODE           	0024	0000	870

C:\Program Files\Microchip\xc8\v2.35\pic\sources\c90\common\sprcadd.c estimated size: 870

